{"t": 1787256193.517, "session": "s_1m0gcae63mg01", "request_id": null, "capability": "screen.capture", "operation": "window.focus", "reason": "Bring a window to the foreground, and report whether Windows actually allowed it.", "decision": "ASKED", "result": "", "target": null}
{"t": 1787256203.84, "session": "s_1m0gcae63mg01", "request_id": null, "capability": "screen.capture", "operation": "grant", "reason": "Bring a window to the foreground, and report whether Windows actually allowed it.", "decision": "ALLOW_SESSION", "result": "600s", "target": null}
{"t": 1787256203.84, "session": "s_1m0gcae63mg01", "request_id": null, "capability": "screen.capture", "operation": "window.focus", "reason": "", "decision": "USED", "result": "ok", "target": null, "scope": "session", "uses": 1}
{"t": 1787256204.048, "session": "s_1m0gcae63mg01", "request_id": null, "capability": "keyboard.press", "operation": "input.keyboard.tap", "reason": "Press and release a key. The safe shape: nothing is left held.", "decision": "ASKED", "result": "", "target": null}
{"t": 1787256205.157, "session": "s_1m0gcae63mg01", "request_id": null, "capability": "keyboard.press", "operation": "grant", "reason": "Press and release a key. The safe shape: nothing is left held.", "decision": "ALLOW_SESSION", "result": "600s", "target": null}
{"t": 1787256205.157, "session": "s_1m0gcae63mg01", "request_id": null, "capability": "keyboard.press", "operation": "input.keyboard.tap", "reason": "", "decision": "USED", "result": "ok", "target": null, "scope": "session", "uses": 1}
{"t": 1787256205.157, "session": "s_1m0gcae63mg01", "request_id": null, "capability": "keyboard.press", "operation": "input.keyboard.tap", "reason": "", "decision": "USED", "result": "ok", "target": null, "scope": "session", "uses": 2}
{"t": 1787256205.203, "session": "s_1m0gcae63mg01", "request_id": null, "capability": "keyboard.press", "operation": "input.keyboard.tap", "reason": "", "decision": "USED", "result": "ok", "target": null, "scope": "session", "uses": 3}
{"t": 1787256205.203, "session": "s_1m0gcae63mg01", "request_id": null, "capability": "keyboard.press", "operation": "input.keyboard.tap", "reason": "", "decision": "USED", "result": "ok", "target": null, "scope": "session", "uses": 4}
{"t": 1787256205.25, "session": "s_1m0gcae63mg01", "request_id": null, "capability": "mouse.click", "operation": "input.mouse.click", "reason": "Click, optionally moving there first. Reports where the click actually landed.", "decision": "ASKED", "result": "", "target": null}
{"t": 1787256205.877, "session": "s_1m0gcae63mg01", "request_id": null, "capability": "mouse.click", "operation": "grant", "reason": "Click, optionally moving there first. Reports where the click actually landed.", "decision": "ALLOW_SESSION", "result": "600s", "target": null}
{"t": 1787256205.877, "session": "s_1m0gcae63mg01", "request_id": null, "capability": "mouse.click", "operation": "input.mouse.click", "reason": "", "decision": "USED", "result": "ok", "target": null, "scope": "session", "uses": 1}
{"t": 1787256205.877, "session": "s_1m0gcae63mg01", "request_id": null, "capability": "mouse.click", "operation": "input.mouse.click", "reason": "", "decision": "USED", "result": "ok", "target": null, "scope": "session", "uses": 2}
{"t": 1787256205.877, "session": "s_1m0gcae63mg01", "request_id": null, "capability": "mouse.move", "operation": "input.mouse.move", "reason": "move the mouse to (363, 245)", "decision": "ASKED", "result": "", "target": null}
{"t": 1787256206.673, "session": "s_1m0gcae63mg01", "request_id": null, "capability": "mouse.move", "operation": "grant", "reason": "move the mouse to (363, 245)", "decision": "ALLOW_SESSION", "result": "600s", "target": null}
{"t": 1787256206.673, "session": "s_1m0gcae63mg01", "request_id": null, "capability": "mouse.move", "operation": "input.mouse.move", "reason": "", "decision": "USED", "result": "ok", "target": null, "scope": "session", "uses": 1}
{"t": 1787256206.718, "session": "s_1m0gcae63mg01", "request_id": null, "capability": "target", "operation": "TARGET_SELECTED", "reason": "", "decision": "TARGET_SELECTED", "result": "", "target": "AMDRSServ.exe", "pid": 17528, "actor": "user", "identity": "amdrsserv.exe:17528:134315165472284616:s_1m0gcae63mg01"}
{"t": 1787256257.044, "session": "s_1m0gccc9jbg01", "request_id": null, "capability": "screen.capture", "operation": "window.focus", "reason": "Bring a window to the foreground, and report whether Windows actually allowed it.", "decision": "ASKED", "result": "", "target": null}
{"t": 1787256272.102, "session": "s_1m0gccc9jbg01", "request_id": null, "capability": "keyboard.press", "operation": "input.keyboard.tap", "reason": "Press and release a key. The safe shape: nothing is left held.", "decision": "ASKED", "result": "", "target": null}
{"t": 1787256287.103, "session": "s_1m0gccc9jbg01", "request_id": null, "capability": "keyboard.press", "operation": "input.keyboard.tap", "reason": "", "decision": "DENIED", "result": "not granted", "target": null}
{"t": 1787256287.103, "session": "s_1m0gccc9jbg01", "request_id": null, "capability": "mouse.click", "operation": "input.mouse.click", "reason": "Click, optionally moving there first. Reports where the click actually landed.", "decision": "ASKED", "result": "", "target": null}
{"t": 1787256353.63, "session": "s_1m0gcfc4nrg01", "request_id": null, "capability": "keyboard.press", "operation": "input.keyboard.tap", "reason": "Press and release a key. The safe shape: nothing is left held.", "decision": "ASKED", "result": "", "target": null}
{"t": 1787291956.991, "session": "s_1m0hedvt6fg01", "request_id": null, "capability": "keyboard.press", "operation": "request", "reason": "to prove a keystroke reaches the window it was aimed at", "decision": "ASKED", "result": "", "target": null}
{"t": 1787292077.042, "session": "s_1m0hedvt6fg01", "request_id": null, "capability": "keyboard.press", "operation": "request", "reason": "to prove a keystroke reaches the window it was aimed at", "decision": "DENY", "result": "the request timed out with no answer"}
{"t": 1787293929.749, "session": "s_1m0hga2dtc001", "request_id": null, "capability": "screen.capture", "operation": "window.focus", "reason": "Bring a window to the foreground, and report whether Windows actually allowed it.", "decision": "ASKED", "result": "", "target": null}
{"t": 1787293949.757, "session": "s_1m0hga2dtc001", "request_id": null, "capability": "keyboard.press", "operation": "request", "reason": "to prove a keystroke reaches the window it was aimed at", "decision": "ASKED", "result": "", "target": null}
{"t": 1787294049.801, "session": "s_1m0hga2dtc001", "request_id": null, "capability": "screen.capture", "operation": "window.focus", "reason": "Bring a window to the foreground, and report whether Windows actually allowed it.", "decision": "DENY", "result": "the request timed out with no answer"}
{"t": 1787294049.801, "session": "s_1m0hga2dtc001", "request_id": null, "capability": "screen.capture", "operation": "window.focus", "reason": "", "decision": "DENIED", "result": "not granted", "target": null}
{"t": 1787294069.816, "session": "s_1m0hga2dtc001", "request_id": null, "capability": "keyboard.press", "operation": "request", "reason": "to prove a keystroke reaches the window it was aimed at", "decision": "DENY", "result": "the request timed out with no answer"}
{"t": 1787294095.546, "session": "s_1m0hgf48f0001", "request_id": null, "capability": "screen.capture", "operation": "window.focus", "reason": "Bring a window to the foreground, and report whether Windows actually allowed it.", "decision": "ASKED", "result": "", "target": null}
{"t": 1787294103.227, "session": "s_1m0hgf48f0001", "request_id": null, "capability": "screen.capture", "operation": "grant", "reason": "Bring a window to the foreground, and report whether Windows actually allowed it.", "decision": "ALLOW_SESSION", "result": "600s", "target": null}
{"t": 1787294103.227, "session": "s_1m0hgf48f0001", "request_id": null, "capability": "screen.capture", "operation": "window.focus", "reason": "", "decision": "USED", "result": "ok", "target": null, "scope": "session", "uses": 1}
{"t": 1787294103.896, "session": "s_1m0hgf48f0001", "request_id": null, "capability": "keyboard.press", "operation": "request", "reason": "to prove a keystroke reaches the window it was aimed at", "decision": "ASKED", "result": "", "target": null}
{"t": 1787294105.427, "session": "s_1m0hgf48f0001", "request_id": null, "capability": "keyboard.press", "operation": "grant", "reason": "to prove a keystroke reaches the window it was aimed at", "decision": "ALLOW_SESSION", "result": "600s", "target": null}
{"t": 1787294105.427, "session": "s_1m0hgf48f0001", "request_id": null, "capability": "screen.capture", "operation": "window.focus", "reason": "", "decision": "USED", "result": "ok", "target": null, "scope": "session", "uses": 2}
{"t": 1787294105.579, "session": "s_1m0hgf48f0001", "request_id": null, "capability": "screen.capture", "operation": "window.focus", "reason": "", "decision": "USED", "result": "ok", "target": null, "scope": "session", "uses": 3}
{"t": 1787294105.731, "session": "s_1m0hgf48f0001", "request_id": null, "capability": "keyboard.press", "operation": "input.keyboard.tap", "reason": "", "decision": "USED", "result": "ok", "target": null, "scope": "session", "uses": 1}
{"t": 1787294105.731, "session": "s_1m0hgf48f0001", "request_id": null, "capability": "keyboard.press", "operation": "input.keyboard.tap", "reason": "", "decision": "USED", "result": "ok", "target": null, "scope": "session", "uses": 2}
{"t": 1787294106.683, "session": "s_1m0hgf48f0001", "request_id": null, "capability": "screen.capture", "operation": "window.focus", "reason": "", "decision": "USED", "result": "ok", "target": null, "scope": "session", "uses": 4}
{"t": 1787294106.835, "session": "s_1m0hgf48f0001", "request_id": null, "capability": "screen.capture", "operation": "window.focus", "reason": "", "decision": "USED", "result": "ok", "target": null, "scope": "session", "uses": 5}
{"t": 1787294106.987, "session": "s_1m0hgf48f0001", "request_id": null, "capability": "keyboard.press", "operation": "input.keyboard.press", "reason": "", "decision": "USED", "result": "ok", "target": null, "scope": "session", "uses": 3}
{"t": 1787294106.987, "session": "s_1m0hgf48f0001", "request_id": null, "capability": "keyboard.press", "operation": "input.keyboard.press", "reason": "", "decision": "USED", "result": "ok", "target": null, "scope": "session", "uses": 4}
{"t": 1787294108.2, "session": "s_1m0hgf48f0001", "request_id": null, "capability": "keyboard.release", "operation": "input.keyboard.release", "reason": "Release a held key.", "decision": "ASKED", "result": "", "target": null}
{"t": 1787294109.573, "session": "s_1m0hgf48f0001", "request_id": null, "capability": "keyboard.release", "operation": "grant", "reason": "Release a held key.", "decision": "ALLOW_SESSION", "result": "600s", "target": null}
{"t": 1787294109.573, "session": "s_1m0hgf48f0001", "request_id": null, "capability": "keyboard.release", "operation": "input.keyboard.release", "reason": "", "decision": "USED", "result": "ok", "target": null, "scope": "session", "uses": 1}
{"t": 1787294109.573, "session": "s_1m0hgf48f0001", "request_id": null, "capability": "keyboard.release", "operation": "input.keyboard.release", "reason": "", "decision": "USED", "result": "ok", "target": null, "scope": "session", "uses": 2}
{"t": 1787294124.648, "session": "s_1m0hgg0qg5g01", "request_id": null, "capability": "screen.capture", "operation": "window.focus", "reason": "Bring a window to the foreground, and report whether Windows actually allowed it.", "decision": "ASKED", "result": "", "target": null}
{"t": 1787294144.666, "session": "s_1m0hgg0qg5g01", "request_id": null, "capability": "keyboard.press", "operation": "request", "reason": "to prove a keystroke reaches the window it was aimed at", "decision": "ASKED", "result": "", "target": null}
{"t": 1787294203.334, "session": "s_1m0hgg0qg5g01", "request_id": null, "capability": "keyboard.press", "operation": "grant", "reason": "to prove a keystroke reaches the window it was aimed at", "decision": "ALLOW_SESSION", "result": "600s", "target": null}
{"t": 1787294203.335, "session": "s_1m0hgg0qg5g01", "request_id": null, "capability": "screen.capture", "operation": "window.focus", "reason": "", "decision": "DENIED", "result": "not granted", "target": null}
{"t": 1787294203.337, "session": "s_1m0hgg0qg5g01", "request_id": null, "capability": "screen.capture", "operation": "window.focus", "reason": "", "decision": "DENIED", "result": "not granted", "target": null}
{"t": 1787308257.519, "session": "s_1m0hxzaa8fg01", "request_id": null, "capability": "screen.capture", "operation": "window.focus", "reason": "Bring a window to the foreground, and report whether Windows actually allowed it.", "decision": "ASKED", "result": "", "target": null}
{"t": 1787308259.83, "session": "s_1m0hxzaa8fg01", "request_id": null, "capability": "screen.capture", "operation": "grant", "reason": "Bring a window to the foreground, and report whether Windows actually allowed it.", "decision": "ALLOW_SESSION", "result": "600s", "target": null}
{"t": 1787308259.83, "session": "s_1m0hxzaa8fg01", "request_id": null, "capability": "screen.capture", "operation": "window.focus", "reason": "", "decision": "USED", "result": "ok", "target": null, "scope": "session", "uses": 1}
{"t": 1787308260.497, "session": "s_1m0hxzaa8fg01", "request_id": null, "capability": "keyboard.press", "operation": "request", "reason": "to prove a keystroke reaches the window it was aimed at", "decision": "ASKED", "result": "", "target": null}
{"t": 1787308262.9, "session": "s_1m0hxzaa8fg01", "request_id": null, "capability": "keyboard.press", "operation": "grant", "reason": "to prove a keystroke reaches the window it was aimed at", "decision": "ALLOW_SESSION", "result": "600s", "target": null}
{"t": 1787308262.9, "session": "s_1m0hxzaa8fg01", "request_id": null, "capability": "screen.capture", "operation": "window.focus", "reason": "", "decision": "USED", "result": "ok", "target": null, "scope": "session", "uses": 2}
{"t": 1787308263.053, "session": "s_1m0hxzaa8fg01", "request_id": null, "capability": "screen.capture", "operation": "window.focus", "reason": "", "decision": "USED", "result": "ok", "target": null, "scope": "session", "uses": 3}
{"t": 1787308263.204, "session": "s_1m0hxzaa8fg01", "request_id": null, "capability": "keyboard.press", "operation": "input.keyboard.tap", "reason": "", "decision": "USED", "result": "ok", "target": null, "scope": "session", "uses": 1}
{"t": 1787308263.204, "session": "s_1m0hxzaa8fg01", "request_id": null, "capability": "keyboard.press", "operation": "input.keyboard.tap", "reason": "", "decision": "USED", "result": "ok", "target": null, "scope": "session", "uses": 2}
{"t": 1787308264.152, "session": "s_1m0hxzaa8fg01", "request_id": null, "capability": "screen.capture", "operation": "window.focus", "reason": "", "decision": "USED", "result": "ok", "target": null, "scope": "session", "uses": 4}
{"t": 1787308264.304, "session": "s_1m0hxzaa8fg01", "request_id": null, "capability": "screen.capture", "operation": "window.focus", "reason": "", "decision": "USED", "result": "ok", "target": null, "scope": "session", "uses": 5}
{"t": 1787308264.455, "session": "s_1m0hxzaa8fg01", "request_id": null, "capability": "keyboard.press", "operation": "input.keyboard.press", "reason": "", "decision": "USED", "result": "ok", "target": null, "scope": "session", "uses": 3}
{"t": 1787308264.455, "session": "s_1m0hxzaa8fg01", "request_id": null, "capability": "keyboard.press", "operation": "input.keyboard.press", "reason": "", "decision": "USED", "result": "ok", "target": null, "scope": "session", "uses": 4}
{"t": 1787308265.67, "session": "s_1m0hxzaa8fg01", "request_id": null, "capability": "keyboard.release", "operation": "input.keyboard.release", "reason": "Release a held key.", "decision": "ASKED", "result": "", "target": null}
{"t": 1787308267.224, "session": "s_1m0hxzaa8fg01", "request_id": null, "capability": "keyboard.release", "operation": "grant", "reason": "Release a held key.", "decision": "ALLOW_SESSION", "result": "600s", "target": null}
{"t": 1787308267.224, "session": "s_1m0hxzaa8fg01", "request_id": null, "capability": "keyboard.release", "operation": "input.keyboard.release", "reason": "", "decision": "USED", "result": "ok", "target": null, "scope": "session", "uses": 1}
{"t": 1787308267.224, "session": "s_1m0hxzaa8fg01", "request_id": null, "capability": "keyboard.release", "operation": "input.keyboard.release", "reason": "", "decision": "USED", "result": "ok", "target": null, "scope": "session", "uses": 2}
{"t": 1787308318.859, "session": "s_1m0hy162d5001", "request_id": null, "capability": "keyboard.press", "operation": "request", "reason": "verification", "decision": "ASKED", "result": "", "target": null}
{"t": 1787308322.906, "session": "s_1m0hy162d5001", "request_id": null, "capability": "keyboard.press", "operation": "grant", "reason": "verification", "decision": "ALLOW_SESSION", "result": "600s", "target": null}
{"t": 1787308322.907, "session": "s_1m0hy162d5001", "request_id": null, "capability": "screen.capture", "operation": "request", "reason": "verification", "decision": "ASKED", "result": "", "target": null}
{"t": 1787308323.555, "session": "s_1m0hy162d5001", "request_id": null, "capability": "screen.capture", "operation": "grant", "reason": "verification", "decision": "ALLOW_SESSION", "result": "600s", "target": null}
{"t": 1787308323.555, "session": "s_1m0hy162d5001", "request_id": null, "capability": "screen.capture", "operation": "window.focus", "reason": "", "decision": "USED", "result": "ok", "target": null, "scope": "session", "uses": 1}
{"t": 1787308323.718, "session": "s_1m0hy162d5001", "request_id": null, "capability": "screen.capture", "operation": "window.focus", "reason": "", "decision": "USED", "result": "ok", "target": null, "scope": "session", "uses": 2}
{"t": 1787308323.874, "session": "s_1m0hy162d5001", "request_id": null, "capability": "keyboard.press", "operation": "input.keyboard.tap", "reason": "", "decision": "USED", "result": "ok", "target": null, "scope": "session", "uses": 1}
{"t": 1787308323.874, "session": "s_1m0hy162d5001", "request_id": null, "capability": "keyboard.press", "operation": "input.keyboard.tap", "reason": "", "decision": "USED", "result": "ok", "target": null, "scope": "session", "uses": 2}
