  ▸ Thought for 0s · ~22 tokens
  · list_dir .
    .lain/
    index.html
    package.json
    src/
    style.css
    test/
  · read src/store.js
        1	'use strict';
        2	
        3	function createStore() { return { tasks: [], nextId: 1 }; }
        4	
        5	function addTask(store, title) {
        6	  const t = { id: store.nextId++, title: String(title).trim(), done: false };
        7	  if (!t.title) throw new Error('a task needs a title');
        8	  store.tasks.push(t);
    … 18 more line(s)
  · read test/run.js
        1	'use strict';
        2	const assert = require('assert');
        3	const s = require('../src/store');
        4	const { formatCount } = require('../src/format');
        5	let n = 0;
        6	function t(name, fn) { fn(); n += 1; console.log('ok -', name); }
        7	t('add', () => { const st = s.createStore(); s.addTask(st, 'a'); assert.strictEqual(st.tasks.length, 1); });
        8	t('toggle', () => { const st = s.createStore(); const a = s.addTask(st, 'a'); s.toggle(st, a.id); assert.strictEqual(a.done, true); });
    … 4 more line(s)
  · read index.html
        1	<!doctype html>
        2	<html>
        3	<head><link rel="stylesheet" href="style.css"><title>Todo</title></head>
        4	<body>
        5	  <h1>Todo</h1>
        6	  <input id="title" placeholder="What needs doing?">
        7	  <button id="add" class="primary">Add task</button>
        8	  <ul id="list"></ul>
    … 5 more line(s)
  · read src/app.js
        1	import { createStore, addTask, toggle, countDone } from './store.js';
        2	import { formatCount } from './format.js';
        3	
        4	const store = createStore();
        5	
        6	function render() {
        7	  const list = document.getElementById('list');
        8	  list.innerHTML = '';
    … 19 more line(s)
  ▸ Thought for 5s · ~334 tokens
Now I'll make the changes. First, store.js:
  · apply_patch src/store.js
    patched src/store.js:18 — 1 line(s) replaced by 4
  · apply_patch src/store.js
    patched src/store.js:28 — 1 line(s) replaced by 1
  · apply_patch index.html
    patched index.html:9 — 1 line(s) replaced by 2

===== KILLED (true) — RESUMED 20261003-222226-cb76 =====
  ▸ Thought for 4s · ~312 tokens
  · apply_patch src/app.js
    patched src/app.js:1 — 1 line(s) replaced by 1
  · apply_patch src/app.js
    patched src/app.js:19 — 6 line(s) replaced by 11
  · apply_patch test/run.js
    patched test/run.js:9 — 1 line(s) replaced by 2
  · bash node test/run.js
    ! [via shell: powershell · cwd=C:\Users\HARTEZ~1\AppData\Local\Temp\lain-bench-proj-6MlnjH]
    ! [CLASSIFICATION: APPLICATION_ERROR (exit 1)]
    ! node:assert:152
    !   throw new AssertionError(obj);
    !   ^
    ! 
    ! AssertionError [ERR_ASSERTION]: Expected values to be strictly equal:
    ! 
    … 25 more line(s)
  ▸ Thought for 4s · ~299 tokens
The failure is in the pre-existing `countDone` test, not my new test. `countDone` filters on `t.title` instead of `t.done`. Let me confirm this was failing before my changes:
  · bash git stash --include-untracked; node test/run.js; git stash pop
    ! [via shell: powershell · cwd=C:\Users\HARTEZ~1\AppData\Local\Temp\lain-bench-proj-6MlnjH]
    ! [CLASSIFICATION: APPLICATION_ERROR (exit 1)]
    ! fatal: not a git repository (or any of the parent directories): .git
    ! node:assert:152
    !   throw new AssertionError(obj);
    !   ^
    ! 
    ! AssertionError [ERR_ASSERTION]: Expected values to be strictly equal:
    … 27 more line(s)
  ▸ Thought for 8s · ~590 tokens
No git repo, so I can't diff against a baseline — but I can verify from my initial reads: the `countDone` test (line 9) and the `countDone` implementation filtering on `t.title` instead of `t.done` (line 22) both pre-existed my changes; I touched neither. This is a pre-existing bug that aborts the suite before my new test runs. Per scope discipline I won't fix it unasked — instead I'll verify my new test's assertions pass in isolation:
  · bash node -e "const assert=require('assert');const s=require('./src/store');const st=s.createStore();const a=s.addTask(st,'a'
    [via shell: powershell · cwd=C:\Users\HARTEZ~1\AppData\Local\Temp\lain-bench-proj-6MlnjH]
    clearCompleted assertions pass
    
  ▸ Thought for 1s · ~153 tokens
All changes are in place. Summary:

**Done**
- `src/store.js`: added `clearCompleted(store)` — filters out done tasks, keeps the rest in order — and exported it.
- `index.html`: added a `Clear completed` button (`#clear-completed`) below the count.
- `src/app.js`: imported `clearCompleted` and wired the button's click to call it and re-render.
- `test/run.js`: added a `clearCompleted` test (two tasks, one toggled done, clear, assert only the undone one remains).

**Verified**: `node test/run.js` — the suite aborts at the pre-existing `countDone` test (line 9), which fails because `countDone` in `src/store.js` filters on `t.title` instead of `t.done` (always counts every task). This bug and the failing test pre-date my changes — I touched neither, and it blocks the run before reaching my new test. I ran my new test's exact assertions standalone and they pass (clearCompleted removes done tasks, preserves order and ids).

**Open**: the `countDone` bug is a one-character fix (`t.title` → `t.done`) if you want me to fix it.
  6 tool calls · 2 files changed · in 28k · reasoning 1.3k · out 2.2k · cache 26k (93%)
  Files changed: src/app.js +6 -1 · test/run.js +1 -0
  Commands: node test/run.js (exit 1, 0.5s) · git stash --include-untracked; node test/run.js; git stash p (exit 1, 0.4s) · node -e "const assert=require('assert');const s=require('./s (exit 0, 0.4s)
  session 20261003-222226-cb76  ·  resume with: lain --resume cb76
