  ▸ Thought for 0s · ~37 tokens
  · semantic_search {query}
    1 of 8 files, by words only (Laya: unavailable):
      style.css
  · search {pattern}
    index.html:7:  <button id="add" class="primary">Add task</button>
    style.css:2:.primary { font-size: 16px; padding: 10px 20px; border-radius: 6px; background: #2b6cb0; color: white; border: 0; }
  ▸ Thought for 0s · ~13 tokens
  · read style.css
        1	body { font-family: system-ui, sans-serif; margin: 2rem; }
        2	.primary { font-size: 16px; padding: 10px 20px; border-radius: 6px; background: #2b6cb0; color: white; border: 0; }
        3	li.done { text-decoration: line-through; color: #888; }
        4	
  · read index.html
        1	<!doctype html>
        2	<html>
        3	<head><link rel="stylesheet" href="style.css"><title>Todo</title></head>
        4	<body>
        5	  <h1>Todo</h1>
        6	  <input id="title" placeholder="What needs doing?">
        7	  <button id="add" class="primary">Add task</button>
        8	  <ul id="list"></ul>
    … 5 more line(s)
  ▸ Thought for 2s · ~73 tokens
The primary button's size comes from `font-size: 16px`, `padding: 10px 20px`, and `border-radius: 6px` in `style.css`. I'll scale all three by 10%:
  · str_replace style.css
    edited style.css (1 replacement)
DONE — `.primary` in `style.css` is now 10% smaller: font-size 16px → 14.4px, padding 10px 20px → 9px 18px, border-radius 6px → 5.4px (colors and shape untouched). Note this is the only rule affecting the button's size, so the reduction applies uniformly to both dimensions of the rendered button.
  5 tool calls · 1 file changed · in 15k · reasoning 144 · out 443 · cache 14k (95%)
  Files changed: style.css +1 -1
  session 20261003-220150-fc3p  ·  resume with: lain --resume fc3p
