The user wants to know which function decides whether the counter says "task" or "tasks" (pluralization logic), and where it's called from. This is a read-only diagnostic task on a small JavaScript project.

Let me look at the source files. The project has src/app.js, src/format.js, src/store.js. Pluralization logic like this likely lives in format.js. Let me search for it.

I'll use `locate` on likely names, or just search for "task" / "tasks" patterns. Actually, the cheapest way: search for something like "tasks" or plural logic in src/. Let me do a search for the pattern and also check the file outline of format.js in parallel.
  · search src
    app.js:9:  for (const t of store.tasks) {
    app.js:16:  document.getElementById('count').textContent = formatCount(store.tasks.length - countDone(store));
    format.js:3:/** "1 task left" / "3 tasks left" — the counter under the list. */
    format.js:5:  return `${n} ${n === 1 ? 'task' : 'tasks'} left`;
    store.js:3:function createStore() { return { tasks: [], nextId: 1 }; }
    store.js:7:  if (!t.title) throw new Error('a task needs a title');
    store.js:8:  store.tasks.push(t);
    store.js:13:  const t = store.tasks.find((x) => x.id === id);
    … 3 more line(s)
  · check_symbols src/format.js
    src/format.js: every name it uses resolves to a declaration, an import or a global. (4 reference(s) checked against 2 binding(s).)
    
    DEFINED (1)
          4  function  formatCount
The search already found the answer. Let me look at the exact definitions to give a precise answer. The search showed:

- `src/format.js:5`: `return `${n} ${n === 1 ? 'task' : 'tasks'} left`;` — inside `formatCount` (defined at line 4)
- `src/app.js:16`: `document.getElementById('count').textContent = formatCount(store.tasks.length - countDone(store));`

Let me read the two files to confirm the calling context — which function in app.js line 16 lives in.
  · read src/format.js
        1	'use strict';
        2	
        3	/** "1 task left" / "3 tasks left" — the counter under the list. */
        4	function formatCount(n) {
        5	  return `${n} ${n === 1 ? 'task' : 'tasks'} left`;
        6	}
        7	
        8	module.exports = { formatCount };
    … 1 more line(s)
  · read src/app.js
        1	import { createStore, addTask, toggle, countDone } from './store.js';
        2	import { formatCount } from './format.js';
        3	
        4	const store = createStore();
        5	
        6	function render() {
        7	  const list = document.getElementById('list');
        8	  list.innerHTML = '';
    … 19 more line(s)
The question is answered by what I've already read. Let me summarize:

- `formatCount(n)` in `src/format.js` (lines 4–6) decides singular vs plural via the ternary `n === 1 ? 'task' : 'tasks'`.
- It's called from `src/app.js` line 16, inside `render()`, which updates the `#count` element's text with the number of not-done tasks (`store.tasks.length - countDone(store)`).
- `render()` itself is called in three places: on initial page load (line 26), after clicking a task to toggle it (line 13), and after adding a task (line 23).

One small nuance worth mentioning: `formatCount` says "1 task left" even when n is 0 ("0 tasks left") — actually `0 === 1` is false so it says "0 tasks left", which is fine. Also worth noting the interesting quirk: `countDone` in store.js counts tasks with a title, not tasks with `done` set — but that's beyond the question scope; a brief note might be helpful but the instructions say plain language explanation for someone new. I could mention it briefly as a connected observation. Keep it focused though. I'll mention it as a side note since it affects what number gets passed in.

No files changed — read-only task, done. No need for request_completion tooling here? The instructions say finish with request_completion. This is a diagnostic task; I should provide the answer. The system prompt says to use request_completion when done. But there's no task_contract recorded for this simple one-step question. I can just answer directly. Given the read-only diagnostic nature, a direct answer is fine.**The function is `formatCount`, defined in `src/format.js` (lines 4–6).**

It makes the decision with a single ternary inside a template string:

```js
return `${n} ${n === 1 ? 'task' : 'tasks'} left`;
```

If the count is exactly 1 it says "task"; anything else (0, 2, 3, …) says "tasks". The doc comment above it (`"1 task left" / "3 tasks left"`) confirms that's its purpose.

**Where it's called from — one place, with three triggers:**

The only call site is line 16 of `src/app.js`, inside `render()`:

```js
document.getElementById('count').textContent = formatCount(store.tasks.length - countDone(store));
```

`render()` rebuilds the task list in the DOM and then updates the `#count` element (the counter under the list, per the HTML). The number it passes in is "total tasks minus done tasks" — i.e., tasks still left.

`render()` itself runs at three moments:

1. **On page load** — `app.js` line 26, the last line of the file, runs it once at startup.
2. **When a task is clicked** — the `onclick` handler on each list item (line 13) calls `toggle(store, t.id)` then `render()` to refresh the count.
3. **When a task is added** — the `#add` button handler (lines 19–24) calls `addTask(...)`, clears the input, and calls `render()`.

So the flow is: any user action (or initial load) → `render()` → computes remaining count from the store → `formatCount()` pluralizes it → text lands in the `#count` element.

One side observation from tracing the input to `formatCount`: `countDone` in `store.js` (line 22) counts tasks that have a *title*, not tasks where `done` is set — so if that's meant to count completed tasks, the "left" number feeding the counter may be off. That's pre-existing behavior, noted only because it affects the value `formatCount` receives; nothing was changed.
  4 tool calls · in 21k · reasoning 626 · out 1.2k · cache 13k
  session 20261002-200751-77be  ·  resume with: lain --resume 77be
