{
 "timeouts": [
  "DONE|CUT OFF|STOPPED|FAILED"
 ],
 "snaps": [
  {
   "name": "plan",
   "text": [
    "   LAIN · lain-bench-proj-1cMLWz · Z.ai API › GLM 5.3                                            Plan · read-only   0",
    "   ──────────────────────────────────────────────────────────────────────────────────────────────────────────────────",
    "",
    "",
    "",
    "",
    "",
    "",
    "",
    "",
    "                                                     L   A   I   N",
    "",
    "",
    "                                                 lain-bench-proj-1cMLWz",
    "                              C:\\Users\\HARTEZ~1\\AppData\\Local\\Temp\\lain-bench-proj-1cMLWz",
    "",
    "                                                     Ready to work.",
    "",
    "                                              Model        GLM 5.3",
    "                                              Connection   zai · lain:zai",
    "                                              Effort       auto",
    "                                              Project      javascript",
    "",
    "",
    "                                                   Type a task below.",
    "",
    "                                              /  commands        @  files",
    "",
    "",
    "",
    "",
    "",
    "",
    "",
    "",
    "   › Plan mode",
    "   ▌",
    "   ▌Ask LAIN…",
    "   ▌",
    "                                                                               / commands · @ files · shift+tab mode"
   ]
  },
  {
   "name": "proposed",
   "text": [
    "   LAIN · lain-bench-proj-1cMLWz · Z.ai API › GLM 5.3                                        Plan · read-only   ~1.7K",
    "    USER · Plan adding a clearCompleted(store) function to src… ────────────────────────────────────── ↑ more · PgUp",
    "      it.",
    "   2. Add a clearCompleted test to test/run.js next to the others.",
    "   3. Run npm test and verify.",
    "",
    "   │ ✗ bash · npm test",
    "   │     Plan mode: read-only — investigate, then call exit_plan with the plan.",
    "",
    "   ▸ Thought for 3s · 268 tokens",
    "",
    "   I'm in Plan mode, so I'll hold off on running anything and present the plan. One thing I noticed while reading:",
    "   countDone in src/store.js filters on t.title instead of t.done — that looks like a pre-existing bug, and the",
    "   existing countDone test likely fails because of it. It's unrelated to this task, so I'd leave it alone and just",
    "   flag it.",
    "     ✗ working  npm test",
    "     working",
    "       exit_plan",
    "   ◐ Running exit plan · 1s · esc to interrupt                                                               00:00:45",
    "   ▌",
    "   ▌ANSWER — type A-C",
    "   ▌",
    "     Plan ready — build it?",
    "",
    "       Covers: done task removed, not-done task kept.",
    "",
    "       ## Verification",
    "       - Run `npm test` (`node test/run.js`); expect `5 passed` with the new test listed.",
    "",
    "       ## Out of scope (flag, not fix)",
    "       `countDone` filters on `t.title` instead of `t.done` — appears to be a pre-existi…",
    "",
    "       - [x] Read src/store.js, test/run.js, package.json",
    "       - [ ] Add clearCompleted to src/store.js + export",
    "       - [ ] Add clearCompleted test to test/run.js",
    "       - [ ] Run npm test and verify",
    "",
    "     ❯ A.  Approve",
    "",
    "     type A-C · ↑↓ choose · Enter send · Esc cancel  (24-37 of 39)"
   ]
  },
  {
   "name": "edited",
   "text": [
    "   LAIN · lain-bench-proj-1cMLWz · Z.ai API › GLM 5.3                                        Plan · read-only   ~1.7K",
    "    USER · Plan adding a clearCompleted(store) function to src… ────────────────────────────────────── ↑ more · PgUp",
    "      it.",
    "   2. Add a clearCompleted test to test/run.js next to the others.",
    "   3. Run npm test and verify.",
    "",
    "   │ ✗ bash · npm test",
    "   │     Plan mode: read-only — investigate, then call exit_plan with the plan.",
    "",
    "   ▸ Thought for 3s · 268 tokens",
    "",
    "   I'm in Plan mode, so I'll hold off on running anything and present the plan. One thing I noticed while reading:",
    "   countDone in src/store.js filters on t.title instead of t.done — that looks like a pre-existing bug, and the",
    "   existing countDone test likely fails because of it. It's unrelated to this task, so I'd leave it alone and just",
    "   flag it.",
    "     ✗ working  npm test",
    "     working",
    "       exit_plan",
    "   ◒ Running exit plan · 1s · esc to interrupt                                                               00:00:46",
    "   ▌",
    "   ▌ANSWER — type A-C",
    "   ▌",
    "     Plan ready — build it?",
    "",
    "       ## Verification",
    "       - Run `npm test` (`node test/run.js`); expect `5 passed` with the new test listed.",
    "",
    "       ## Out of scope (flag, not fix)",
    "       `countDone` filters on `t.title` instead of `t.done` — appears to be a pre-existi…",
    "",
    "       - [x] Read src/store.js, test/run.js, package.json",
    "       - [ ] Add clearCompleted to src/store.js + export",
    "       - [ ] Add clearCompleted test to test/run.js",
    "       - [ ] Run npm test and verify",
    "",
    "       - [ ] Name the new test exactly: clearCompleted removes done tasks",
    "",
    "     ❯ A.  Approve",
    "",
    "     type A-C · ↑↓ choose · Enter send · Esc cancel  (26-39 of 41)"
   ]
  },
  {
   "name": "built",
   "text": [
    "   LAIN · lain-bench-proj-1cMLWz · Z.ai API › GLM 5.3                                      Accept edits · 4/4   ~1.8K",
    "    USER · Plan adding a clearCompleted(store) function to src… ────────────────────────────────────── ↑ more · PgUp",
    "        26   }",
    "        27",
    "        25 - module.exports = { createStore, addTask, toggle, removeTask, countDone };",
    "        28 + module.exports = { createStore, addTask, toggle, removeTask, clearCompleted, countDone };",
    "",
    "   │ ✓ patched · test/run.js   +1 -0   [× Diff]",
    "         6   function t(name, fn) { fn(); n += 1; console.log('ok -', name); }",
    "         7   t('add', () => { const st = s.createStore(); s.addTask(st, 'a'); assert.strictEqual(st.tasks.length, …",
    "         8   t('toggle', () => { const st = s.createStore(); const a = s.addTask(st, 'a'); s.toggle(st, a.id); ass…",
    "         9 + t('clearCompleted removes done tasks', () => { const st = s.createStore(); const a = s.addTask(st, 'a…",
    "        10   t('countDone', () => { const st = s.createStore(); const a = s.addTask(st, 'a'); s.addTask(st, 'b'); …",
    "        11   t('formatCount', () => { assert.strictEqual(formatCount(1), '1 task left'); assert.strictEqual(format…",
    "        12   console.log(`${n} passed`);",
    "     · working",
    "     working",
    "       npm test",
    "   ◓ Running Run the test suite · 14m 25s · esc to interrupt                                                 00:15:48",
    "   ▌",
    "   ▌ANSWER — type A-C",
    "   ▌",
    "     Accept edits · allow this?",
    "",
    "       shell · npm test",
    "",
    "     ❯ A.  Allow once",
    "       B.  Allow for this turn",
    "       C.  Deny",
    "",
    "",
    "",
    "",
    "",
    "",
    "",
    "",
    "",
    "",
    "     type A-C · ↑↓ choose · Enter send · Esc cancel"
   ]
  }
 ]
}