Let me start by reading the store.js file to understand countDone() and what it does.
  · read src/store.js
        1	'use strict';
        2	
        3	function createStore() { return { tasks: [], nextId: 1 }; }
        4	
        5	function addTask(store, title) {
        6	  const t = { id: store.nextId++, title: String(title).trim(), done: false };
        7	  if (!t.title) throw new Error('a task needs a title');
        8	  store.tasks.push(t);
    … 18 more line(s)
  · read test/run.js
        1	'use strict';
        2	const assert = require('assert');
        3	const s = require('../src/store');
        4	const { formatCount } = require('../src/format');
        5	let n = 0;
        6	function t(name, fn) { fn(); n += 1; console.log('ok -', name); }
        7	t('add', () => { const st = s.createStore(); s.addTask(st, 'a'); assert.strictEqual(st.tasks.length, 1); });
        8	t('toggle', () => { const st = s.createStore(); const a = s.addTask(st, 'a'); s.toggle(st, a.id); assert.strictEqual(a.done, true); });
    … 4 more line(s)
The bug is clear from reading the code: `countDone` filters on `t.title` (truthy titles) instead of `t.done`. So it counts all tasks with non-empty titles rather than done tasks.

Let me trace the path as instructed:
- `addTask` stores `{id, title, done: false}` — the state owner is `store.tasks`, and `done` is the flag.
- `toggle` flips `t.done`.
- `countDone` should count tasks where `t.done === true`, but instead filters on `t.title` — every task has a non-empty title (enforced by addTask's throw on empty titles), so countDone returns the total task count.

The one broken link: `countDone` reads the wrong field.

The existing test at line 9: store with 2 tasks, one toggled, expects countDone === 1. Wait — with the bug, countDone would return `tasks.filter(t => t.title).length` = 2 (both have titles). So the existing test should FAIL with the bug... Let me check: 'a' and 'b' both have truthy titles, so filter returns 2, test asserts 1. That test should fail. Unless... hmm, the user says the tests might pass. Let me run the tests first to reproduce, per the context instructions ("Reproduce it if you cheaply can").

Actually wait — the lain-context says a green test suite does not disprove the report. But this test looks like it would catch the bug. Let me run it to see the actual baseline. That's the cheapest observation.

Then fix: change `filter((t) => t.title)` to `filter((t) => t.done)`.

Then try to disprove the fix: are there other callers of countDone? Check with symbols/dependents — app.js likely uses it. Also check for a second copy of the logic (e.g., app.js computing its own count). Let me grep for countDone across the project.

Plan:
1. Run npm test to reproduce (baseline).
2. Fix the filter.
3. Check dependents of countDone for other paths.
4. Run tests again.

This is a small task — a plan is probably overkill but it's fine without one. Let me run tests first, and also check dependents/locate countDone in parallel since they're independent.I can see the bug from reading the path: `addTask` stores the done flag as `t.done`, `toggle` flips `t.done`, but `countDone` filters on `t.title` — so it counts tasks with non-empty titles (which is all of them, since `addTask` rejects empty titles) instead of done tasks. The broken link is the field read in `countDone`.

Let me reproduce it first and check who else calls `countDone`:
  · bash npm test 2>&1
    ! [via shell: bash · cwd=C:\Users\HARTEZ~1\AppData\Local\Temp\lain-bench-proj-nbgfGB]
    ! [CLASSIFICATION: APPLICATION_ERROR (exit 1)]
    ! 
    ! > todo-fixture@1.0.0 test
    ! > node test/run.js
    ! 
    ! ok - add
    ! ok - toggle
    … 29 more line(s)
  · search {pattern}
    test/run.js:9:t('countDone', () => { const st = s.createStore(); const a = s.addTask(st, 'a'); s.addTask(st, 'b'); s.toggle(st, a.id); assert.strictEqual(s.countDone(st), 1); });
    src/app.js:1:import { createStore, addTask, toggle, countDone } from './store.js';
    src/app.js:16:  document.getElementById('count').textContent = formatCount(store.tasks.length - countDone(store));
    src/store.js:21:function countDone(store) {
    src/store.js:25:module.exports = { createStore, addTask, toggle, removeTask, countDone };
The bug is now confirmed. The baseline test fails exactly on the path the user described: `countDone` returns 2 instead of 1.

The trace, per the lain-context instructions:

- **Trigger**: `test/run.js:9` (and the UI at `src/app.js:16`) call `countDone(store)`.
- **State owner**: tasks live in `store.tasks`, each with a `done: boolean` field set by `addTask` (line 6) and flipped by `toggle` (line 14).
- **The broken link**: `countDone` at `src/store.js:22` reads `t.title` instead of `t.done`. Since `addTask` throws on empty titles, every task has a truthy title, so `countDone` always returns `store.tasks.length` — the total count, not the done count.

That's the ONE link where reality stops matching expectation. Fix: change the predicate to `t.done`.

Other callers checked:
- `src/app.js:16` computes `store.tasks.length - countDone(store)` for the "left" count. With the fix, this becomes `total - done` which is correct (tasks left). Before the fix it was always 0. So the fix repairs this caller too — no second broken path.
- No other copies of countDone exist (search showed only store.js definition, test, and app.js import).

Now apply the one-line fix and re-run tests.Baseline reproduced: `countDone` returns 2 when 1 task of 2 is done. The broken link is identified — `src/store.js:22` reads `t.title` (always truthy, since `addTask` rejects empty titles) instead of `t.done`. Every caller is accounted for: `src/app.js:16` computes `tasks.length - countDone(store)`, which the fix also repairs (it was always 0 before). Applying the one-line fix:
  · str_replace src/store.js
    edited src/store.js (1 replacement)
The fix is applied. The lain-context reminds me to verify and to try to disprove my own fix. Let me re-run the tests, and check for second paths / other copies of the same logic. I already saw the callers via search: test/run.js and src/app.js. Let me re-run npm test, and also do a quick adversarial check: grep for `.done` usage and any other counting logic (e.g., filter on done elsewhere) to make sure there's no second broken path. Also check src/format.js and src/app.js briefly to confirm no duplicate count logic exists.The fix is on disk. Now verifying it, and attacking it: checking for a second path to the same behaviour (another copy of the counting logic) before believing it's done.
  · bash npm test 2>&1
    [via shell: bash · cwd=C:\Users\HARTEZ~1\AppData\Local\Temp\lain-bench-proj-nbgfGB]
    
    > todo-fixture@1.0.0 test
    > node test/run.js
    
    ok - add
    ok - toggle
    ok - countDone
    … 3 more line(s)
  · search src
    app.js:12:    if (t.done) li.className = 'done';
    store.js:14:  if (t) t.done = !t.done;
    store.js:18:function removeTask(store, id) { store.tasks = store.tasks.filter((t) => t.id !== id); }
    store.js:22:  return store.tasks.filter((t) => t.done).length;
The work is essentially done: I traced the path, found the one broken link (`t.title` instead of `t.done` in `countDone`), reproduced the failure (2 !== 1), fixed exactly that one line, and re-ran the tests — all 4 pass now. I also searched for second paths to the same behaviour: the `.done`/`filter` grep shows no duplicate counting logic; `app.js` reads `countDone` from the store rather than reimplementing it, and its derived value (`tasks.length - countDone`) is repaired by the same fix.

One more cheap attack worth doing before closing: the state where zero tasks are done (should return 0, previously returned `tasks.length`), and the empty-store case. The existing test covers 1-of-2. A quick inline node check of the 0-done and empty-store cases would strengthen the verification beyond the green suite. Also worth confirming `src/app.js` uses the ESM export while `store.js` exports CommonJS — but that's outside the reported bug and unchanged by my fix, so I shouldn't touch it. Actually, app.js does `import { ... } from './store.js'` while store.js uses `module.exports` — that would only work if the app is never loaded in tests (it isn't; tests require CommonJS). It's pre-existing and unrelated to countDone's arithmetic, so I'll note it but not change it — minimum sufficient change.

Let me run the extra edge-case check, then wrap up. No task_contract needed for this small single-fix task (it was a single edit; the guidance says skip for small single-edit tasks).The fix survived the grep attack — no second counting path exists (`app.js` calls `countDone` rather than reimplementing it, and `removeTask`'s filter is unrelated). One last attack: the existing test only covers 1-of-2 done. Let me check the states it doesn't — zero done, all done, and an empty store — which the old code would have gotten wrong in every case:
  · bash node -e " const s = require('./src/store'); // zero done let st = s.createStore(); s.addTask(st,'a'); s.addTask(st,'b');
    [via shell: bash · cwd=C:\Users\HARTEZ~1\AppData\Local\Temp\lain-bench-proj-nbgfGB]
    zero done: 0 (want 0)
    all done: 2 (want 2)
    empty: 0 (want 0)
    done task removed: 0 (want 0)
    
The user's original request was to fix `countDone()` in src/store.js. I've already done the work in the previous turns:

1. Read the code — found the bug at src/store.js:22: `filter((t) => t.title)` instead of `filter((t) => t.done)`
2. Reproduced it — test failed with 2 !== 1
3. Applied the one-line fix
4. Tests pass — 4 passed
5. Attacked the fix — no second counting path, edge cases all correct (zero done, all done, empty store, after removal)

The context now emphasizes: trace the path, identify the ONE broken link, reproduce, fix only that, and disprove the fix. All of that is done. The evidence is complete:

- The broken link: `countDone` reads `t.title` instead of `t.done` — the field-read in the filter predicate. Everything else on the path (addTask sets `done: false`, toggle flips `done`) was correct.
- Reproduction: `npm test` failed with `2 !== 1` before the fix.
- Fix: one line changed.
- Verification: full suite passes (4 passed), plus four edge-state probes all correct.
- Attack: grep for `.done|filter(` shows no second counting path; `app.js` calls `countDone` (line 16), which was also silently broken (always 0 remaining display) and is now repaired as a consequence.

There's nothing left to do. The task is small and complete. I should summarize plainly and finish. No task_contract needed at this point since the work is done — actually, per instructions, task_contract when task has more than one step. The work is complete; I should just wrap up with the summary. Let me state what was changed vs verified, and give the "How to run" / "How to test" lines.

Should I use request_completion? The instructions say "Finish when every explicit ask is addressed... Request completion with request_completion." Yes, I should call it with claims separated into CHANGED and VERIFIED.

Let me write the final summary.All the evidence is in and the work is complete. Summarizing the trace and the result:

**The broken link:** `countDone` at `src/store.js:22` filtered on `t.title` instead of `t.done`. Along the whole path everything else was correct — `addTask` initializes `done: false`, `toggle` flips `t.done` — but the one link where reality stopped matching the expectation was the field the count read. Since `addTask` rejects empty titles, `t.title` is truthy for every task, so `countDone` returned the *total* task count.

**Reproduction:** `npm test` failed before the fix with `AssertionError: 2 !== 1` (1 of 2 tasks done, count returned 2).

**The fix:** one line — `filter((t) => t.done)`.

**Attacking the fix, not re-reading it:**
- Grep for a second counting path: none. `src/app.js:16` calls `countDone` rather than reimplementing it — its `tasks.length - countDone(store)` display was silently always 0 before, and is repaired by consequence.
- Edge states the existing test doesn't cover, probed directly: zero done → 0, all done → 2, empty store → 0, done-then-removed task → 0. All correct.
  · request_completion {claims, asks, state}
    DONE_UNVERIFIED — 1 file(s) changed · no current check exercises what changed — 4 claim(s) not verified: "Reproduced before fix: npm test failed with 2 !== 1 on the c" (baseline is not a check LAIN ob
    claims:
      CHANGED: src/store.js:22 — countDone now filters on t.done instead of t.title (one-line fix, no other code to
      VERIFIED → NOT_CHECKED: Reproduced before fix: npm test failed with 2 !== 1 on the countDone test — baseline is not a check LAIN observed
      VERIFIED → NOT_CHECKED: After fix: npm test passes, 4/4 tests — suite is not a check LAIN observed
      VERIFIED → NOT_CHECKED: Edge states probed directly: zero done=0, all done=2, empty store=0, done task removed=0 — probes is not a check LAIN observed
      VERIFIED → NOT_CHECKED: No second counting path exists; app.js consumes countDone and its remaining-count display is fixed b — no current check on record exercises it
  9 tool calls · 1 file changed · in 54k · reasoning 1.7k · out 3k · cache 49k
  session 20261002-200602-9gnq  ·  resume with: lain --resume 9gnq
